
R version 4.0.2 (2020-06-22) -- "Taking Off Again"
Copyright (C) 2020 The R Foundation for Statistical Computing
Platform: x86_64-pc-linux-gnu (64-bit)

R is free software and comes with ABSOLUTELY NO WARRANTY.
You are welcome to redistribute it under certain conditions.
Type 'license()' or 'licence()' for distribution details.

  Natural language support but running in an English locale

R is a collaborative project with many contributors.
Type 'contributors()' for more information and
'citation()' on how to cite R or R packages in publications.

Type 'demo()' for some demos, 'help()' for on-line help, or
'help.start()' for an HTML browser interface to help.
Type 'q()' to quit R.

> pkgname <- "pipelineR"
> source(file.path(R.home("share"), "R", "examples-header.R"))
> options(warn = 1)
> base::assign(".ExTimings", "pipelineR-Ex.timings", pos = 'CheckExEnv')
> base::cat("name\tuser\tsystem\telapsed\n", file=base::get(".ExTimings", pos = 'CheckExEnv'))
> base::assign(".format_ptime",
+ function(x) {
+   if(!is.na(x[4L])) x[1L] <- x[1L] + x[4L]
+   if(!is.na(x[5L])) x[2L] <- x[2L] + x[5L]
+   options(OutDec = '.')
+   format(x[1L:3L], digits = 7L)
+ },
+ pos = 'CheckExEnv')
> 
> ### * </HEADER>
> library('pipelineR')
Warning: replacing previous import â€˜magrittr::set_namesâ€™ by â€˜rlang::set_namesâ€™ when loading â€˜pipelineRâ€™
Warning: replacing previous import â€˜dplyr::filterâ€™ by â€˜stats::filterâ€™ when loading â€˜pipelineRâ€™
Warning: replacing previous import â€˜dplyr::lagâ€™ by â€˜stats::lagâ€™ when loading â€˜pipelineRâ€™
> 
> base::assign(".oldSearch", base::search(), pos = 'CheckExEnv')
> base::assign(".old_wd", base::getwd(), pos = 'CheckExEnv')
> cleanEx()
> nameEx("pipelineR-package")
> ### * pipelineR-package
> 
> flush(stderr()); flush(stdout())
> 
> base::assign(".ptime", proc.time(), pos = "CheckExEnv")
> ### Name: pipelineR-package
> ### Title: create folders for data analytics
> ### Aliases: pipelineR pipelineR-package
> ### Keywords: internal
> 
> ### ** Examples
> 
> dir_create()
New project [34m'R_project_2020-08-17'[39m is nested inside an existing project [34m'./'[39m, which is rarely a good idea.
If this is unexpected, the here package has a function, [90m`here::dr_here()`[39m that reveals why [34m'./'[39m is regarded as a project.
Error: User input required, but session is not interactive.
Query: Do you want to create anyway?
Execution halted
